Archive member included to satisfy reference by file (symbol)

d:/program files/atollic/truestudio for stm32 9.3.0/armtools/bin/../lib/gcc/arm-atollic-eabi/6.3.1/../../../../arm-atollic-eabi/lib/armv7-m\libc_nano.a(lib_a-errno.o)
                              Core\Src\syscalls.o (__errno)
d:/program files/atollic/truestudio for stm32 9.3.0/armtools/bin/../lib/gcc/arm-atollic-eabi/6.3.1/../../../../arm-atollic-eabi/lib/armv7-m\libc_nano.a(lib_a-impure.o)
                              d:/program files/atollic/truestudio for stm32 9.3.0/armtools/bin/../lib/gcc/arm-atollic-eabi/6.3.1/../../../../arm-atollic-eabi/lib/armv7-m\libc_nano.a(lib_a-errno.o) (_impure_ptr)
d:/program files/atollic/truestudio for stm32 9.3.0/armtools/bin/../lib/gcc/arm-atollic-eabi/6.3.1/../../../../arm-atollic-eabi/lib/armv7-m\libc_nano.a(lib_a-init.o)
                              startup\startup_stm32f103xb.o (__libc_init_array)
d:/program files/atollic/truestudio for stm32 9.3.0/armtools/bin/../lib/gcc/arm-atollic-eabi/6.3.1/../../../../arm-atollic-eabi/lib/armv7-m\libc_nano.a(lib_a-memset.o)
                              Core\Src\gpio.o (memset)
d:/program files/atollic/truestudio for stm32 9.3.0/armtools/bin/../lib/gcc/arm-atollic-eabi/6.3.1/armv7-m\libgcc.a(_lshrdi3.o)
                              Drivers\STM32F1xx_HAL_Driver\Src\stm32f1xx_hal_flash.o (__aeabi_llsr)

Allocating common symbols
Common symbol       size              file

Received            0xa               Core\Src\main.o
hdma_tim1_ch1       0x44              Core\Src\tim.o
hdma_tim1_ch4_trig_com
                    0x44              Core\Src\tim.o
huart3              0x40              Core\Src\usart.o
hdma_tim1_ch3       0x44              Core\Src\tim.o
Frame               0x3               Core\Src\main.o
hdma_tim1_ch2       0x44              Core\Src\tim.o
uwTick              0x4               Drivers\STM32F1xx_HAL_Driver\Src\stm32f1xx_hal.o
pFlash              0x20              Drivers\STM32F1xx_HAL_Driver\Src\stm32f1xx_hal_flash.o
htim1               0x40              Core\Src\tim.o
huart2              0x40              Core\Src\usart.o

Discarded input sections

 .text          0x00000000        0x0 d:/program files/atollic/truestudio for stm32 9.3.0/armtools/bin/../lib/gcc/arm-atollic-eabi/6.3.1/armv7-m/crti.o
 .data          0x00000000        0x0 d:/program files/atollic/truestudio for stm32 9.3.0/armtools/bin/../lib/gcc/arm-atollic-eabi/6.3.1/armv7-m/crti.o
 .bss           0x00000000        0x0 d:/program files/atollic/truestudio for stm32 9.3.0/armtools/bin/../lib/gcc/arm-atollic-eabi/6.3.1/armv7-m/crti.o
 .data          0x00000000        0x4 d:/program files/atollic/truestudio for stm32 9.3.0/armtools/bin/../lib/gcc/arm-atollic-eabi/6.3.1/armv7-m/crtbegin.o
 .text          0x00000000        0x0 Core\Src\ARM_RECEIVER.o
 .data          0x00000000        0x0 Core\Src\ARM_RECEIVER.o
 .bss           0x00000000        0x0 Core\Src\ARM_RECEIVER.o
 .text          0x00000000        0x0 Core\Src\dma.o
 .data          0x00000000        0x0 Core\Src\dma.o
 .bss           0x00000000        0x0 Core\Src\dma.o
 .text          0x00000000        0x0 Core\Src\gpio.o
 .data          0x00000000        0x0 Core\Src\gpio.o
 .bss           0x00000000        0x0 Core\Src\gpio.o
 .text          0x00000000        0x0 Core\Src\main.o
 .data          0x00000000        0x0 Core\Src\main.o
 .bss           0x00000000        0x0 Core\Src\main.o
 .text          0x00000000        0x0 Core\Src\serwo.o
 .data          0x00000000        0x0 Core\Src\serwo.o
 .bss           0x00000000        0x0 Core\Src\serwo.o
 .text          0x00000000        0x0 Core\Src\stm32f1xx_hal_msp.o
 .data          0x00000000        0x0 Core\Src\stm32f1xx_hal_msp.o
 .bss           0x00000000        0x0 Core\Src\stm32f1xx_hal_msp.o
 .text          0x00000000        0x0 Core\Src\stm32f1xx_it.o
 .data          0x00000000        0x0 Core\Src\stm32f1xx_it.o
 .bss           0x00000000        0x0 Core\Src\stm32f1xx_it.o
 .text          0x00000000        0x0 Core\Src\sys.o
 .data          0x00000000        0x0 Core\Src\sys.o
 .bss           0x00000000        0x0 Core\Src\sys.o
 .text.MX_SYS_Init
                0x00000000       0x14 Core\Src\sys.o
 .debug_info    0x00000000      0x1fd Core\Src\sys.o
 .debug_abbrev  0x00000000       0xea Core\Src\sys.o
 .debug_aranges
                0x00000000       0x20 Core\Src\sys.o
 .debug_ranges  0x00000000       0x10 Core\Src\sys.o
 .debug_line    0x00000000      0x1cd Core\Src\sys.o
 .debug_str     0x00000000      0x2a3 Core\Src\sys.o
 .comment       0x00000000       0x7d Core\Src\sys.o
 .debug_frame   0x00000000       0x20 Core\Src\sys.o
 .ARM.attributes
                0x00000000       0x33 Core\Src\sys.o
 .text          0x00000000        0x0 Core\Src\syscalls.o
 .data          0x00000000        0x0 Core\Src\syscalls.o
 .bss           0x00000000        0x0 Core\Src\syscalls.o
 .text.initialise_monitor_handles
                0x00000000        0x2 Core\Src\syscalls.o
[...]
Memory Configuration

Name             Origin             Length             Attributes
RAM              0x20000000         0x00005000         xrw
FLASH            0x08000000         0x00020000         xr
*default*        0x00000000         0xffffffff

Linker script and memory map

LOAD d:/program files/atollic/truestudio for stm32 9.3.0/armtools/bin/../lib/gcc/arm-atollic-eabi/6.3.1/armv7-m/crti.o
LOAD d:/program files/atollic/truestudio for stm32 9.3.0/armtools/bin/../lib/gcc/arm-atollic-eabi/6.3.1/armv7-m/crtbegin.o
LOAD Core\Src\ARM_RECEIVER.o
LOAD Core\Src\dma.o
LOAD Core\Src\gpio.o
LOAD Core\Src\main.o
LOAD Core\Src\serwo.o
LOAD Core\Src\stm32f1xx_hal_msp.o
LOAD Core\Src\stm32f1xx_it.o
LOAD Core\Src\sys.o
LOAD Core\Src\syscalls.o
LOAD Core\Src\system_stm32f1xx.o
LOAD Core\Src\tim.o
LOAD Core\Src\usart.o
LOAD Drivers\STM32F1xx_HAL_Driver\Src\stm32f1xx_hal.o
LOAD Drivers\STM32F1xx_HAL_Driver\Src\stm32f1xx_hal_cortex.o
LOAD Drivers\STM32F1xx_HAL_Driver\Src\stm32f1xx_hal_dma.o
LOAD Drivers\STM32F1xx_HAL_Driver\Src\stm32f1xx_hal_exti.o
LOAD Drivers\STM32F1xx_HAL_Driver\Src\stm32f1xx_hal_flash.o
LOAD Drivers\STM32F1xx_HAL_Driver\Src\stm32f1xx_hal_flash_ex.o
LOAD Drivers\STM32F1xx_HAL_Driver\Src\stm32f1xx_hal_gpio.o
LOAD Drivers\STM32F1xx_HAL_Driver\Src\stm32f1xx_hal_gpio_ex.o
LOAD Drivers\STM32F1xx_HAL_Driver\Src\stm32f1xx_hal_pwr.o
LOAD Drivers\STM32F1xx_HAL_Driver\Src\stm32f1xx_hal_rcc.o
LOAD Drivers\STM32F1xx_HAL_Driver\Src\stm32f1xx_hal_rcc_ex.o
LOAD Drivers\STM32F1xx_HAL_Driver\Src\stm32f1xx_hal_tim.o
LOAD Drivers\STM32F1xx_HAL_Driver\Src\stm32f1xx_hal_tim_ex.o
LOAD Drivers\STM32F1xx_HAL_Driver\Src\stm32f1xx_hal_uart.o
LOAD startup\startup_stm32f103xb.o
                0x00000080                malloc_getpagesize_P = 0x80
START GROUP
LOAD d:/program files/atollic/truestudio for stm32 9.3.0/armtools/bin/../lib/gcc/arm-atollic-eabi/6.3.1/../../../../arm-atollic-eabi/lib/armv7-m\libc_nano.a
LOAD d:/program files/atollic/truestudio for stm32 9.3.0/armtools/bin/../lib/gcc/arm-atollic-eabi/6.3.1/../../../../arm-atollic-eabi/lib/armv7-m\libm.a
END GROUP
START GROUP
LOAD d:/program files/atollic/truestudio for stm32 9.3.0/armtools/bin/../lib/gcc/arm-atollic-eabi/6.3.1/armv7-m\libgcc.a
LOAD d:/program files/atollic/truestudio for stm32 9.3.0/armtools/bin/../lib/gcc/arm-atollic-eabi/6.3.1/../../../../arm-atollic-eabi/lib/armv7-m\libc_nano.a
END GROUP
START GROUP
LOAD d:/program files/atollic/truestudio for stm32 9.3.0/armtools/bin/../lib/gcc/arm-atollic-eabi/6.3.1/armv7-m\libgcc.a
LOAD d:/program files/atollic/truestudio for stm32 9.3.0/armtools/bin/../lib/gcc/arm-atollic-eabi/6.3.1/../../../../arm-atollic-eabi/lib/armv7-m\libc_nano.a
LOAD d:/program files/atollic/truestudio for stm32 9.3.0/armtools/bin/../lib/gcc/arm-atollic-eabi/6.3.1/../../../../arm-atollic-eabi/lib/armv7-m\libnosys.a
END GROUP
START GROUP
LOAD d:/program files/atollic/truestudio for stm32 9.3.0/armtools/bin/../lib/gcc/arm-atollic-eabi/6.3.1/armv7-m\libgcc.a
LOAD d:/program files/atollic/truestudio for stm32 9.3.0/armtools/bin/../lib/gcc/arm-atollic-eabi/6.3.1/../../../../arm-atollic-eabi/lib/armv7-m\libc_nano.a
LOAD d:/program files/atollic/truestudio for stm32 9.3.0/armtools/bin/../lib/gcc/arm-atollic-eabi/6.3.1/../../../../arm-atollic-eabi/lib/armv7-m\libnosys.a
END GROUP
LOAD d:/program files/atollic/truestudio for stm32 9.3.0/armtools/bin/../lib/gcc/arm-atollic-eabi/6.3.1/armv7-m/crtend.o
LOAD d:/program files/atollic/truestudio for stm32 9.3.0/armtools/bin/../lib/gcc/arm-atollic-eabi/6.3.1/armv7-m/crtn.o
                0x20005000                _estack = 0x20005000
                0x00000200                _Min_Heap_Size = 0x200
                0x00000400                _Min_Stack_Size = 0x400

.isr_vector     0x08000000      0x10c
                0x08000000                . = ALIGN (0x4)
 *(.isr_vector)
 .isr_vector    0x08000000      0x10c startup\startup_stm32f103xb.o
                0x08000000                g_pfnVectors
                0x0800010c                . = ALIGN (0x4)

.text           0x0800010c     0x1c0c
                0x0800010c                . = ALIGN (0x4)
 *(.text)
 .text          0x0800010c       0x40 d:/program files/atollic/truestudio for stm32 9.3.0/armtools/bin/../lib/gcc/arm-atollic-eabi/6.3.1/armv7-m/crtbegin.o
 *(.text*)
 .text.ARM_RECEIVER
                0x0800014c      0x102 Core\Src\ARM_RECEIVER.o
                0x0800014c                ARM_RECEIVER
 *fill*         0x0800024e        0x2 
 .text.MX_DMA_Init
                0x08000250       0x60 Core\Src\dma.o
                0x08000250                MX_DMA_Init
 .text.MX_GPIO_Init
                0x080002b0      0x100 Core\Src\gpio.o
                0x080002b0                MX_GPIO_Init
 .text.SystemClock_Config
                0x080003b0       0x50 Core\Src\main.o
                0x080003b0                SystemClock_Config
 .text.startup.main
                0x08000400       0x68 Core\Src\main.o
                0x08000400                main
 .text.HAL_UART_RxCpltCallback
                0x08000468       0x24 Core\Src\main.o
                0x08000468                HAL_UART_RxCpltCallback
 .text.HAL_SYSTICK_Callback
                0x0800048c       0x3c Core\Src\main.o
                0x0800048c                HAL_SYSTICK_Callback
 .text.Error_Handler
                0x080004c8        0x2 Core\Src\main.o
                0x080004c8                Error_Handler
 .text.Servo_set_angle
                0x080004ca       0x2e Core\Src\serwo.o
                0x080004ca                Servo_set_angle
 .text.HAL_MspInit
                0x080004f8       0x44 Core\Src\stm32f1xx_hal_msp.o
                0x080004f8                HAL_MspInit
 .text.NMI_Handler
                0x0800053c        0x2 Core\Src\stm32f1xx_it.o
                0x0800053c                NMI_Handler
 .text.HardFault_Handler
                0x0800053e        0x2 Core\Src\stm32f1xx_it.o
                0x0800053e                HardFault_Handler
 .text.MemManage_Handler
                0x08000540        0x2 Core\Src\stm32f1xx_it.o
                0x08000540                MemManage_Handler
 .text.BusFault_Handler
                0x08000542        0x2 Core\Src\stm32f1xx_it.o
                0x08000542                BusFault_Handler
 .text.UsageFault_Handler
                0x08000544        0x2 Core\Src\stm32f1xx_it.o
                0x08000544                UsageFault_Handler
 .text.SVC_Handler
                0x08000546        0x2 Core\Src\stm32f1xx_it.o
                0x08000546                SVC_Handler
 .text.DebugMon_Handler
                0x08000548        0x2 Core\Src\stm32f1xx_it.o
                0x08000548                DebugMon_Handler
 .text.PendSV_Handler
                0x0800054a        0x2 Core\Src\stm32f1xx_it.o
                0x0800054a                PendSV_Handler
 .text.SysTick_Handler
                0x0800054c        0xe Core\Src\stm32f1xx_it.o
                0x0800054c                SysTick_Handler
 *fill*         0x0800055a        0x2 
 .text.DMA1_Channel2_IRQHandler
                0x0800055c        0xc Core\Src\stm32f1xx_it.o
                0x0800055c                DMA1_Channel2_IRQHandler
 .text.DMA1_Channel3_IRQHandler
                0x08000568        0xc Core\Src\stm32f1xx_it.o
                0x08000568                DMA1_Channel3_IRQHandler
 .text.DMA1_Channel4_IRQHandler
                0x08000574        0xc Core\Src\stm32f1xx_it.o
                0x08000574                DMA1_Channel4_IRQHandler
 .text.DMA1_Channel6_IRQHandler
                0x08000580        0xc Core\Src\stm32f1xx_it.o
                0x08000580                DMA1_Channel6_IRQHandler
 .text.USART3_IRQHandler
                0x0800058c        0xc Core\Src\stm32f1xx_it.o
                0x0800058c                USART3_IRQHandler
 .text.EXTI15_10_IRQHandler
                0x08000598        0x8 Core\Src\stm32f1xx_it.o
                0x08000598                EXTI15_10_IRQHandler
 .text.SystemInit
                0x080005a0       0x4c Core\Src\system_stm32f1xx.o
                0x080005a0                SystemInit
 .text.HAL_TIM_Base_MspInit
                0x080005ec      0x120 Core\Src\tim.o
                0x080005ec                HAL_TIM_Base_MspInit
 .text.HAL_TIM_MspPostInit
                0x0800070c       0x50 Core\Src\tim.o
                0x0800070c                HAL_TIM_MspPostInit
 .text.MX_TIM1_Init
                0x0800075c      0x104 Core\Src\tim.o
                0x0800075c                MX_TIM1_Init
 .text.MX_USART2_UART_Init
                0x08000860       0x38 Core\Src\usart.o
                0x08000860                MX_USART2_UART_Init
 .text.MX_USART3_UART_Init
                0x08000898       0x38 Core\Src\usart.o
                0x08000898                MX_USART3_UART_Init
 .text.HAL_UART_MspInit
                0x080008d0       0xe8 Core\Src\usart.o
                0x080008d0                HAL_UART_MspInit
 .text.HAL_InitTick
                0x080009b8       0x48 Drivers\STM32F1xx_HAL_Driver\Src\stm32f1xx_hal.o
                0x080009b8                HAL_InitTick
 .text.HAL_Init
                0x08000a00       0x24 Drivers\STM32F1xx_HAL_Driver\Src\stm32f1xx_hal.o
                0x08000a00                HAL_Init
 .text.HAL_IncTick
                0x08000a24       0x18 Drivers\STM32F1xx_HAL_Driver\Src\stm32f1xx_hal.o
                0x08000a24                HAL_IncTick
 .text.HAL_GetTick
                0x08000a3c        0xc Drivers\STM32F1xx_HAL_Driver\Src\stm32f1xx_hal.o
                0x08000a3c                HAL_GetTick
 .text.HAL_NVIC_SetPriorityGrouping
                0x08000a48       0x24 Drivers\STM32F1xx_HAL_Driver\Src\stm32f1xx_hal_cortex.o
                0x08000a48                HAL_NVIC_SetPriorityGrouping
 .text.HAL_NVIC_SetPriority
                0x08000a6c       0x68 Drivers\STM32F1xx_HAL_Driver\Src\stm32f1xx_hal_cortex.o
                0x08000a6c                HAL_NVIC_SetPriority
 .text.HAL_NVIC_EnableIRQ
                0x08000ad4       0x1c Drivers\STM32F1xx_HAL_Driver\Src\stm32f1xx_hal_cortex.o
                0x08000ad4                HAL_NVIC_EnableIRQ
 .text.HAL_SYSTICK_Config
                0x08000af0       0x2c Drivers\STM32F1xx_HAL_Driver\Src\stm32f1xx_hal_cortex.o
                0x08000af0                HAL_SYSTICK_Config
 .text.HAL_DMA_Init
                0x08000b1c       0x60 Drivers\STM32F1xx_HAL_Driver\Src\stm32f1xx_hal_dma.o
                0x08000b1c                HAL_DMA_Init
 .text.HAL_DMA_Abort_IT
                0x08000b7c       0x90 Drivers\STM32F1xx_HAL_Driver\Src\stm32f1xx_hal_dma.o
                0x08000b7c                HAL_DMA_Abort_IT
 .text.HAL_DMA_IRQHandler
                0x08000c0c      0x128 Drivers\STM32F1xx_HAL_Driver\Src\stm32f1xx_hal_dma.o
                0x08000c0c                HAL_DMA_IRQHandler
 .text.HAL_GPIO_Init
                0x08000d34      0x1c4 Drivers\STM32F1xx_HAL_Driver\Src\stm32f1xx_hal_gpio.o
                0x08000d34                HAL_GPIO_Init
 .text.HAL_GPIO_WritePin
                0x08000ef8        0xa Drivers\STM32F1xx_HAL_Driver\Src\stm32f1xx_hal_gpio.o
                0x08000ef8                HAL_GPIO_WritePin
 .text.HAL_GPIO_TogglePin
                0x08000f02        0xc Drivers\STM32F1xx_HAL_Driver\Src\stm32f1xx_hal_gpio.o
                0x08000f02                HAL_GPIO_TogglePin
 .text.HAL_GPIO_EXTI_Callback
                0x08000f0e        0x2 Drivers\STM32F1xx_HAL_Driver\Src\stm32f1xx_hal_gpio.o
                0x08000f0e                HAL_GPIO_EXTI_Callback
 .text.HAL_GPIO_EXTI_IRQHandler
                0x08000f10       0x18 Drivers\STM32F1xx_HAL_Driver\Src\stm32f1xx_hal_gpio.o
                0x08000f10                HAL_GPIO_EXTI_IRQHandler
 .text.HAL_RCC_OscConfig
                0x08000f28      0x33c Drivers\STM32F1xx_HAL_Driver\Src\stm32f1xx_hal_rcc.o
                0x08000f28                HAL_RCC_OscConfig
 .text.HAL_RCC_GetSysClockFreq
                0x08001264       0x78 Drivers\STM32F1xx_HAL_Driver\Src\stm32f1xx_hal_rcc.o
                0x08001264                HAL_RCC_GetSysClockFreq
 .text.HAL_RCC_ClockConfig
                0x080012dc      0x13c Drivers\STM32F1xx_HAL_Driver\Src\stm32f1xx_hal_rcc.o
                0x080012dc                HAL_RCC_ClockConfig
 .text.HAL_RCC_GetPCLK1Freq
                0x08001418       0x20 Drivers\STM32F1xx_HAL_Driver\Src\stm32f1xx_hal_rcc.o
                0x08001418                HAL_RCC_GetPCLK1Freq
 .text.HAL_RCC_GetPCLK2Freq
                0x08001438       0x20 Drivers\STM32F1xx_HAL_Driver\Src\stm32f1xx_hal_rcc.o
                0x08001438                HAL_RCC_GetPCLK2Freq
 .text.TIM_OC1_SetConfig
                0x08001458       0x50 Drivers\STM32F1xx_HAL_Driver\Src\stm32f1xx_hal_tim.o
 .text.TIM_OC3_SetConfig
                0x080014a8       0x54 Drivers\STM32F1xx_HAL_Driver\Src\stm32f1xx_hal_tim.o
 .text.TIM_OC4_SetConfig
                0x080014fc       0x44 Drivers\STM32F1xx_HAL_Driver\Src\stm32f1xx_hal_tim.o
 .text.HAL_TIM_PWM_MspInit
                0x08001540        0x2 Drivers\STM32F1xx_HAL_Driver\Src\stm32f1xx_hal_tim.o
                0x08001540                HAL_TIM_PWM_MspInit
 *fill*         0x08001542        0x2 
 .text.TIM_Base_SetConfig
                0x08001544       0x70 Drivers\STM32F1xx_HAL_Driver\Src\stm32f1xx_hal_tim.o
                0x08001544                TIM_Base_SetConfig
 .text.HAL_TIM_Base_Init
                0x080015b4       0x34 Drivers\STM32F1xx_HAL_Driver\Src\stm32f1xx_hal_tim.o
                0x080015b4                HAL_TIM_Base_Init
 .text.HAL_TIM_PWM_Init
                0x080015e8       0x34 Drivers\STM32F1xx_HAL_Driver\Src\stm32f1xx_hal_tim.o
                0x080015e8                HAL_TIM_PWM_Init
 .text.TIM_OC2_SetConfig
                0x0800161c       0x58 Drivers\STM32F1xx_HAL_Driver\Src\stm32f1xx_hal_tim.o
                0x0800161c                TIM_OC2_SetConfig
 .text.HAL_TIM_PWM_ConfigChannel
                0x08001674       0xc4 Drivers\STM32F1xx_HAL_Driver\Src\stm32f1xx_hal_tim.o
                0x08001674                HAL_TIM_PWM_ConfigChannel
 .text.TIM_ETR_SetConfig
                0x08001738       0x14 Drivers\STM32F1xx_HAL_Driver\Src\stm32f1xx_hal_tim.o
                0x08001738                TIM_ETR_SetConfig
 .text.HAL_TIM_ConfigClockSource
                0x0800174c      0x128 Drivers\STM32F1xx_HAL_Driver\Src\stm32f1xx_hal_tim.o
                0x0800174c                HAL_TIM_ConfigClockSource
 .text.TIM_CCxChannelCmd
                0x08001874       0x1c Drivers\STM32F1xx_HAL_Driver\Src\stm32f1xx_hal_tim.o
                0x08001874                TIM_CCxChannelCmd
 .text.HAL_TIM_PWM_Start
                0x08001890       0x38 Drivers\STM32F1xx_HAL_Driver\Src\stm32f1xx_hal_tim.o
                0x08001890                HAL_TIM_PWM_Start
 .text.HAL_TIMEx_MasterConfigSynchronization
                0x080018c8       0x3c Drivers\STM32F1xx_HAL_Driver\Src\stm32f1xx_hal_tim_ex.o
                0x080018c8                HAL_TIMEx_MasterConfigSynchronization
 .text.HAL_TIMEx_ConfigBreakDeadTime
                0x08001904       0x4c Drivers\STM32F1xx_HAL_Driver\Src\stm32f1xx_hal_tim_ex.o
                0x08001904                HAL_TIMEx_ConfigBreakDeadTime
 .text.UART_EndRxTransfer
                0x08001950       0x1a Drivers\STM32F1xx_HAL_Driver\Src\stm32f1xx_hal_uart.o
 *fill*         0x0800196a        0x2 
 .text.UART_SetConfig
                0x0800196c       0x74 Drivers\STM32F1xx_HAL_Driver\Src\stm32f1xx_hal_uart.o
 .text.HAL_UART_Init
                0x080019e0       0x5c Drivers\STM32F1xx_HAL_Driver\Src\stm32f1xx_hal_uart.o
                0x080019e0                HAL_UART_Init
 .text.HAL_UART_Receive_IT
                0x08001a3c       0x4e Drivers\STM32F1xx_HAL_Driver\Src\stm32f1xx_hal_uart.o
                0x08001a3c                HAL_UART_Receive_IT
 .text.HAL_UART_TxCpltCallback
                0x08001a8a        0x2 Drivers\STM32F1xx_HAL_Driver\Src\stm32f1xx_hal_uart.o
                0x08001a8a                HAL_UART_TxCpltCallback
 .text.UART_Receive_IT
                0x08001a8c       0x7c Drivers\STM32F1xx_HAL_Driver\Src\stm32f1xx_hal_uart.o
 .text.HAL_UART_ErrorCallback
                0x08001b08        0x2 Drivers\STM32F1xx_HAL_Driver\Src\stm32f1xx_hal_uart.o
                0x08001b08                HAL_UART_ErrorCallback
 *fill*         0x08001b0a        0x2 
 .text.HAL_UART_IRQHandler
                0x08001b0c      0x140 Drivers\STM32F1xx_HAL_Driver\Src\stm32f1xx_hal_uart.o
                0x08001b0c                HAL_UART_IRQHandler
 .text.UART_DMAAbortOnError
                0x08001c4c       0x10 Drivers\STM32F1xx_HAL_Driver\Src\stm32f1xx_hal_uart.o
 .text.Reset_Handler
                0x08001c5c       0x48 startup\startup_stm32f103xb.o
                0x08001c5c                Reset_Handler
 .text.Default_Handler
                0x08001ca4        0x2 startup\startup_stm32f103xb.o
                0x08001ca4                RTC_Alarm_IRQHandler
                0x08001ca4                EXTI2_IRQHandler
                0x08001ca4                TIM1_CC_IRQHandler
                0x08001ca4                PVD_IRQHandler
                0x08001ca4                EXTI3_IRQHandler
                0x08001ca4                EXTI0_IRQHandler
                0x08001ca4                I2C2_EV_IRQHandler
                0x08001ca4                ADC1_2_IRQHandler
                0x08001ca4                SPI1_IRQHandler
                0x08001ca4                TAMPER_IRQHandler
                0x08001ca4                RTC_IRQHandler
                0x08001ca4                DMA1_Channel7_IRQHandler
                0x08001ca4                CAN1_RX1_IRQHandler
                0x08001ca4                TIM4_IRQHandler
                0x08001ca4                I2C1_EV_IRQHandler
                0x08001ca4                TIM3_IRQHandler
                0x08001ca4                RCC_IRQHandler
                0x08001ca4                TIM1_TRG_COM_IRQHandler
                0x08001ca4                DMA1_Channel1_IRQHandler
                0x08001ca4                Default_Handler
                0x08001ca4                EXTI9_5_IRQHandler
                0x08001ca4                SPI2_IRQHandler
                0x08001ca4                DMA1_Channel5_IRQHandler
                0x08001ca4                EXTI4_IRQHandler
                0x08001ca4                USB_LP_CAN1_RX0_IRQHandler
                0x08001ca4                USB_HP_CAN1_TX_IRQHandler
                0x08001ca4                TIM1_UP_IRQHandler
                0x08001ca4                WWDG_IRQHandler
                0x08001ca4                TIM2_IRQHandler
                0x08001ca4                TIM1_BRK_IRQHandler
                0x08001ca4                EXTI1_IRQHandler
                0x08001ca4                USART2_IRQHandler
                0x08001ca4                I2C2_ER_IRQHandler
                0x08001ca4                CAN1_SCE_IRQHandler
                0x08001ca4                FLASH_IRQHandler
                0x08001ca4                USART1_IRQHandler
                0x08001ca4                I2C1_ER_IRQHandler
                0x08001ca4                USBWakeUp_IRQHandler
 *fill*         0x08001ca6        0x2 
 .text.__libc_init_array
                0x08001ca8       0x48 d:/program files/atollic/truestudio for stm32 9.3.0/armtools/bin/../lib/gcc/arm-atollic-eabi/6.3.1/../../../../arm-atollic-eabi/lib/armv7-m\libc_nano.a(lib_a-init.o)
                0x08001ca8                __libc_init_array
 .text.memset   0x08001cf0       0x10 d:/program files/atollic/truestudio for stm32 9.3.0/armtools/bin/../lib/gcc/arm-atollic-eabi/6.3.1/../../../../arm-atollic-eabi/lib/armv7-m\libc_nano.a(lib_a-memset.o)
                0x08001cf0                memset
 *(.glue_7)
 .glue_7        0x08001d00        0x0 linker stubs
 *(.glue_7t)
 .glue_7t       0x08001d00        0x0 linker stubs
 *(.eh_frame)
 .eh_frame      0x08001d00        0x0 d:/program files/atollic/truestudio for stm32 9.3.0/armtools/bin/../lib/gcc/arm-atollic-eabi/6.3.1/armv7-m/crtbegin.o
 *(.init)
 .init          0x08001d00        0x4 d:/program files/atollic/truestudio for stm32 9.3.0/armtools/bin/../lib/gcc/arm-atollic-eabi/6.3.1/armv7-m/crti.o
                0x08001d00                _init
 .init          0x08001d04        0x8 d:/program files/atollic/truestudio for stm32 9.3.0/armtools/bin/../lib/gcc/arm-atollic-eabi/6.3.1/armv7-m/crtn.o
 *(.fini)
 .fini          0x08001d0c        0x4 d:/program files/atollic/truestudio for stm32 9.3.0/armtools/bin/../lib/gcc/arm-atollic-eabi/6.3.1/armv7-m/crti.o
                0x08001d0c                _fini
 .fini          0x08001d10        0x8 d:/program files/atollic/truestudio for stm32 9.3.0/armtools/bin/../lib/gcc/arm-atollic-eabi/6.3.1/armv7-m/crtn.o
                0x08001d18                . = ALIGN (0x4)
                0x08001d18                _etext = .

.vfp11_veneer   0x08001d18        0x0
 .vfp11_veneer  0x08001d18        0x0 linker stubs

.v4_bx          0x08001d18        0x0
 .v4_bx         0x08001d18        0x0 linker stubs

.iplt           0x08001d18        0x0
 .iplt          0x08001d18        0x0 d:/program files/atollic/truestudio for stm32 9.3.0/armtools/bin/../lib/gcc/arm-atollic-eabi/6.3.1/armv7-m/crtbegin.o

.rodata         0x08001d18       0x28
                0x08001d18                . = ALIGN (0x4)
 *(.rodata)
 .rodata        0x08001d18       0x10 Drivers\STM32F1xx_HAL_Driver\Src\stm32f1xx_hal_rcc.o
 *(.rodata*)
 .rodata.AHBPrescTable
                0x08001d28       0x10 Core\Src\system_stm32f1xx.o
                0x08001d28                AHBPrescTable
 .rodata.APBPrescTable
                0x08001d38        0x8 Core\Src\system_stm32f1xx.o
                0x08001d38                APBPrescTable
                0x08001d40                . = ALIGN (0x4)

.rel.dyn        0x08001d40        0x0
 .rel.iplt      0x08001d40        0x0 d:/program files/atollic/truestudio for stm32 9.3.0/armtools/bin/../lib/gcc/arm-atollic-eabi/6.3.1/armv7-m/crtbegin.o

.ARM.extab
 *(.ARM.extab* .gnu.linkonce.armextab.*)

.ARM            0x08001d40        0x0
                0x08001d40                __exidx_start = .
 *(.ARM.exidx*)
                0x08001d40                __exidx_end = .

.preinit_array  0x08001d40        0x0
                0x08001d40                PROVIDE (__preinit_array_start, .)
 *(.preinit_array*)
                0x08001d40                PROVIDE (__preinit_array_end, .)

.init_array     0x08001d40        0x4
                0x08001d40                PROVIDE (__init_array_start, .)
 *(SORT(.init_array.*))
 *(.init_array*)
 .init_array    0x08001d40        0x4 d:/program files/atollic/truestudio for stm32 9.3.0/armtools/bin/../lib/gcc/arm-atollic-eabi/6.3.1/armv7-m/crtbegin.o
                0x08001d44                PROVIDE (__init_array_end, .)

.fini_array     0x08001d44        0x4
                [!provide]                PROVIDE (__fini_array_start, .)
 *(SORT(.fini_array.*))
 *(.fini_array*)
 .fini_array    0x08001d44        0x4 d:/program files/atollic/truestudio for stm32 9.3.0/armtools/bin/../lib/gcc/arm-atollic-eabi/6.3.1/armv7-m/crtbegin.o
                [!provide]                PROVIDE (__fini_array_end, .)
                0x08001d48                _sidata = LOADADDR (.data)

.data           0x20000000        0xc load address 0x08001d48
                0x20000000                . = ALIGN (0x4)
                0x20000000                _sdata = .
 *(.data)
 *(.data*)
 .data.SystemCoreClock
                0x20000000        0x4 Core\Src\system_stm32f1xx.o
                0x20000000                SystemCoreClock
 .data.uwTickFreq
                0x20000004        0x1 Drivers\STM32F1xx_HAL_Driver\Src\stm32f1xx_hal.o
                0x20000004                uwTickFreq
 *fill*         0x20000005        0x3 
 .data.uwTickPrio
                0x20000008        0x4 Drivers\STM32F1xx_HAL_Driver\Src\stm32f1xx_hal.o
                0x20000008                uwTickPrio
                0x2000000c                . = ALIGN (0x4)
                0x2000000c                _edata = .

.igot.plt       0x2000000c        0x0 load address 0x08001d54
 .igot.plt      0x2000000c        0x0 d:/program files/atollic/truestudio for stm32 9.3.0/armtools/bin/../lib/gcc/arm-atollic-eabi/6.3.1/armv7-m/crtbegin.o
                0x2000000c                . = ALIGN (0x4)

.bss            0x2000000c      0x200 load address 0x08001d54
                0x2000000c                _sbss = .
                0x2000000c                __bss_start__ = _sbss
 *(.bss)
 .bss           0x2000000c       0x1c d:/program files/atollic/truestudio for stm32 9.3.0/armtools/bin/../lib/gcc/arm-atollic-eabi/6.3.1/armv7-m/crtbegin.o
 *(.bss*)
 *(COMMON)
 COMMON         0x20000028        0xd Core\Src\main.o
                0x20000028                Received
                0x20000032                Frame
 *fill*         0x20000035        0x3 
 COMMON         0x20000038      0x150 Core\Src\tim.o
                0x20000038                hdma_tim1_ch1
                0x2000007c                hdma_tim1_ch4_trig_com
                0x200000c0                hdma_tim1_ch3
                0x20000104                hdma_tim1_ch2
                0x20000148                htim1
 COMMON         0x20000188       0x80 Core\Src\usart.o
                0x20000188                huart3
                0x200001c8                huart2
 COMMON         0x20000208        0x4 Drivers\STM32F1xx_HAL_Driver\Src\stm32f1xx_hal.o
                0x20000208                uwTick
                0x2000020c                . = ALIGN (0x4)
                0x2000020c                _ebss = .
                0x2000020c                __bss_end__ = _ebss

._user_heap_stack
                0x2000020c      0x600 load address 0x08001d54
                0x2000020c                . = ALIGN (0x4)
                0x2000020c                PROVIDE (end, .)
                [!provide]                PROVIDE (_end, .)
                0x2000040c                . = (. + _Min_Heap_Size)
 *fill*         0x2000020c      0x200 
                0x2000080c                . = (. + _Min_Stack_Size)
 *fill*         0x2000040c      0x400 
                0x2000080c                . = ALIGN (0x4)

/DISCARD/
 libc.a(*)
 libm.a(*)
 libgcc.a(*)

.ARM.attributes
                0x00000000       0x29
 *(.ARM.attributes)
 .ARM.attributes
                0x00000000       0x1d d:/program files/atollic/truestudio for stm32 9.3.0/armtools/bin/../lib/gcc/arm-atollic-eabi/6.3.1/armv7-m/crti.o
 .ARM.attributes
                0x0000001d       0x2d d:/program files/atollic/truestudio for stm32 9.3.0/armtools/bin/../lib/gcc/arm-atollic-eabi/6.3.1/armv7-m/crtbegin.o
 .ARM.attributes
                0x0000004a       0x33 Core\Src\ARM_RECEIVER.o
 .ARM.attributes
                0x0000007d       0x33 Core\Src\dma.o
 .ARM.attributes
                0x000000b0       0x33 Core\Src\gpio.o
 .ARM.attributes
                0x000000e3       0x33 Core\Src\main.o
 .ARM.attributes
                0x00000116       0x33 Core\Src\serwo.o
 .ARM.attributes
                0x00000149       0x33 Core\Src\stm32f1xx_hal_msp.o
 .ARM.attributes
                0x0000017c       0x33 Core\Src\stm32f1xx_it.o
 .ARM.attributes
                0x000001af       0x33 Core\Src\system_stm32f1xx.o
 .ARM.attributes
                0x000001e2       0x33 Core\Src\tim.o
 .ARM.attributes
                0x00000215       0x33 Core\Src\usart.o
 .ARM.attributes
                0x00000248       0x33 Drivers\STM32F1xx_HAL_Driver\Src\stm32f1xx_hal.o
 .ARM.attributes
                0x0000027b       0x33 Drivers\STM32F1xx_HAL_Driver\Src\stm32f1xx_hal_cortex.o
 .ARM.attributes
                0x000002ae       0x33 Drivers\STM32F1xx_HAL_Driver\Src\stm32f1xx_hal_dma.o
 .ARM.attributes
                0x000002e1       0x33 Drivers\STM32F1xx_HAL_Driver\Src\stm32f1xx_hal_gpio.o
 .ARM.attributes
                0x00000314       0x33 Drivers\STM32F1xx_HAL_Driver\Src\stm32f1xx_hal_rcc.o
 .ARM.attributes
                0x00000347       0x33 Drivers\STM32F1xx_HAL_Driver\Src\stm32f1xx_hal_tim.o
 .ARM.attributes
                0x0000037a       0x33 Drivers\STM32F1xx_HAL_Driver\Src\stm32f1xx_hal_tim_ex.o
 .ARM.attributes
                0x000003ad       0x33 Drivers\STM32F1xx_HAL_Driver\Src\stm32f1xx_hal_uart.o
 .ARM.attributes
                0x000003e0       0x21 startup\startup_stm32f103xb.o
 .ARM.attributes
                0x00000401       0x2d d:/program files/atollic/truestudio for stm32 9.3.0/armtools/bin/../lib/gcc/arm-atollic-eabi/6.3.1/../../../../arm-atollic-eabi/lib/armv7-m\libc_nano.a(lib_a-init.o)
 .ARM.attributes
                0x0000042e       0x2d d:/program files/atollic/truestudio for stm32 9.3.0/armtools/bin/../lib/gcc/arm-atollic-eabi/6.3.1/../../../../arm-atollic-eabi/lib/armv7-m\libc_nano.a(lib_a-memset.o)
 .ARM.attributes
                0x0000045b       0x1d d:/program files/atollic/truestudio for stm32 9.3.0/armtools/bin/../lib/gcc/arm-atollic-eabi/6.3.1/armv7-m/crtn.o
OUTPUT(RAMIE.elf elf32-littlearm)

.debug_info     0x00000000     0xd534
 .debug_info    0x00000000      0x5eb Core\Src\ARM_RECEIVER.o
 .debug_info    0x000005eb      0x446 Core\Src\dma.o
 .debug_info    0x00000a31      0x5f3 Core\Src\gpio.o
 .debug_info    0x00001024      0xc89 Core\Src\main.o
 .debug_info    0x00001cad      0x654 Core\Src\serwo.o
 .debug_info    0x00002301      0x2c0 Core\Src\stm32f1xx_hal_msp.o
 .debug_info    0x000025c1      0x74a Core\Src\stm32f1xx_it.o
 .debug_info    0x00002d0b      0x437 Core\Src\system_stm32f1xx.o
 .debug_info    0x00003142      0xd54 Core\Src\tim.o
 .debug_info    0x00003e96      0xafa Core\Src\usart.o
 .debug_info    0x00004990      0x7cd Drivers\STM32F1xx_HAL_Driver\Src\stm32f1xx_hal.o
 .debug_info    0x0000515d      0xca7 Drivers\STM32F1xx_HAL_Driver\Src\stm32f1xx_hal_cortex.o
 .debug_info    0x00005e04      0x837 Drivers\STM32F1xx_HAL_Driver\Src\stm32f1xx_hal_dma.o
 .debug_info    0x0000663b      0x691 Drivers\STM32F1xx_HAL_Driver\Src\stm32f1xx_hal_gpio.o
 .debug_info    0x00006ccc      0xa01 Drivers\STM32F1xx_HAL_Driver\Src\stm32f1xx_hal_rcc.o
 .debug_info    0x000076cd     0x34cc Drivers\STM32F1xx_HAL_Driver\Src\stm32f1xx_hal_tim.o
 .debug_info    0x0000ab99     0x12fc Drivers\STM32F1xx_HAL_Driver\Src\stm32f1xx_hal_tim_ex.o
 .debug_info    0x0000be95     0x1632 Drivers\STM32F1xx_HAL_Driver\Src\stm32f1xx_hal_uart.o
 .debug_info    0x0000d4c7       0x6d startup\startup_stm32f103xb.o

.debug_abbrev   0x00000000     0x24af
 .debug_abbrev  0x00000000      0x168 Core\Src\ARM_RECEIVER.o
 .debug_abbrev  0x00000168      0x139 Core\Src\dma.o
 .debug_abbrev  0x000002a1      0x182 Core\Src\gpio.o
 .debug_abbrev  0x00000423      0x223 Core\Src\main.o
 .debug_abbrev  0x00000646      0x16a Core\Src\serwo.o
 .debug_abbrev  0x000007b0      0x100 Core\Src\stm32f1xx_hal_msp.o
 .debug_abbrev  0x000008b0      0x1e5 Core\Src\stm32f1xx_it.o
 .debug_abbrev  0x00000a95      0x12f Core\Src\system_stm32f1xx.o
 .debug_abbrev  0x00000bc4      0x1fd Core\Src\tim.o
 .debug_abbrev  0x00000dc1      0x204 Core\Src\usart.o
 .debug_abbrev  0x00000fc5      0x24a Drivers\STM32F1xx_HAL_Driver\Src\stm32f1xx_hal.o
 .debug_abbrev  0x0000120f      0x2f8 Drivers\STM32F1xx_HAL_Driver\Src\stm32f1xx_hal_cortex.o
 .debug_abbrev  0x00001507      0x22d Drivers\STM32F1xx_HAL_Driver\Src\stm32f1xx_hal_dma.o
 .debug_abbrev  0x00001734      0x1e4 Drivers\STM32F1xx_HAL_Driver\Src\stm32f1xx_hal_gpio.o
 .debug_abbrev  0x00001918      0x2c1 Drivers\STM32F1xx_HAL_Driver\Src\stm32f1xx_hal_rcc.o
 .debug_abbrev  0x00001bd9      0x335 Drivers\STM32F1xx_HAL_Driver\Src\stm32f1xx_hal_tim.o
 .debug_abbrev  0x00001f0e      0x29c Drivers\STM32F1xx_HAL_Driver\Src\stm32f1xx_hal_tim_ex.o
 .debug_abbrev  0x000021aa      0x2f3 Drivers\STM32F1xx_HAL_Driver\Src\stm32f1xx_hal_uart.o
 .debug_abbrev  0x0000249d       0x12 startup\startup_stm32f103xb.o

.debug_loc      0x00000000     0x65cc
 .debug_loc     0x00000000      0x34c Core\Src\ARM_RECEIVER.o
 .debug_loc     0x0000034c       0x21 Core\Src\main.o
 .debug_loc     0x0000036d       0x54 Core\Src\serwo.o
 .debug_loc     0x000003c1       0xcd Core\Src\system_stm32f1xx.o
 .debug_loc     0x0000048e       0x8f Core\Src\tim.o
 .debug_loc     0x0000051d       0x8a Core\Src\usart.o
 .debug_loc     0x000005a7      0x10c Drivers\STM32F1xx_HAL_Driver\Src\stm32f1xx_hal.o
 .debug_loc     0x000006b3      0x487 Drivers\STM32F1xx_HAL_Driver\Src\stm32f1xx_hal_cortex.o
 .debug_loc     0x00000b3a      0x5ed Drivers\STM32F1xx_HAL_Driver\Src\stm32f1xx_hal_dma.o
 .debug_loc     0x00001127      0x2f5 Drivers\STM32F1xx_HAL_Driver\Src\stm32f1xx_hal_gpio.o
 .debug_loc     0x0000141c      0x478 Drivers\STM32F1xx_HAL_Driver\Src\stm32f1xx_hal_rcc.o
 .debug_loc     0x00001894     0x2f5a Drivers\STM32F1xx_HAL_Driver\Src\stm32f1xx_hal_tim.o
 .debug_loc     0x000047ee      0xa7c Drivers\STM32F1xx_HAL_Driver\Src\stm32f1xx_hal_tim_ex.o
 .debug_loc     0x0000526a     0x1362 Drivers\STM32F1xx_HAL_Driver\Src\stm32f1xx_hal_uart.o

.debug_aranges  0x00000000      0x9b8
 .debug_aranges
                0x00000000       0x20 Core\Src\ARM_RECEIVER.o
 .debug_aranges
                0x00000020       0x20 Core\Src\dma.o
 .debug_aranges
                0x00000040       0x20 Core\Src\gpio.o
 .debug_aranges
                0x00000060       0x40 Core\Src\main.o
 .debug_aranges
                0x000000a0       0x20 Core\Src\serwo.o
 .debug_aranges
                0x000000c0       0x20 Core\Src\stm32f1xx_hal_msp.o
 .debug_aranges
                0x000000e0       0x78 Core\Src\stm32f1xx_it.o
 .debug_aranges
                0x00000158       0x28 Core\Src\system_stm32f1xx.o
 .debug_aranges
                0x00000180       0x38 Core\Src\tim.o
 .debug_aranges
                0x000001b8       0x38 Core\Src\usart.o
 .debug_aranges
                0x000001f0       0xd8 Drivers\STM32F1xx_HAL_Driver\Src\stm32f1xx_hal.o
 .debug_aranges
                0x000002c8       0x90 Drivers\STM32F1xx_HAL_Driver\Src\stm32f1xx_hal_cortex.o
 .debug_aranges
                0x00000358       0x78 Drivers\STM32F1xx_HAL_Driver\Src\stm32f1xx_hal_dma.o
 .debug_aranges
                0x000003d0       0x58 Drivers\STM32F1xx_HAL_Driver\Src\stm32f1xx_hal_gpio.o
 .debug_aranges
                0x00000428       0x88 Drivers\STM32F1xx_HAL_Driver\Src\stm32f1xx_hal_rcc.o
 .debug_aranges
                0x000004b0      0x278 Drivers\STM32F1xx_HAL_Driver\Src\stm32f1xx_hal_tim.o
 .debug_aranges
                0x00000728       0xf8 Drivers\STM32F1xx_HAL_Driver\Src\stm32f1xx_hal_tim_ex.o
 .debug_aranges
                0x00000820      0x170 Drivers\STM32F1xx_HAL_Driver\Src\stm32f1xx_hal_uart.o
 .debug_aranges
                0x00000990       0x28 startup\startup_stm32f103xb.o

.debug_ranges   0x00000000      0xc40
 .debug_ranges  0x00000000       0x10 Core\Src\ARM_RECEIVER.o
 .debug_ranges  0x00000010       0x40 Core\Src\dma.o
 .debug_ranges  0x00000050       0x88 Core\Src\gpio.o
 .debug_ranges  0x000000d8       0x30 Core\Src\main.o
 .debug_ranges  0x00000108       0x10 Core\Src\serwo.o
 .debug_ranges  0x00000118       0x58 Core\Src\stm32f1xx_hal_msp.o
 .debug_ranges  0x00000170       0x68 Core\Src\stm32f1xx_it.o
 .debug_ranges  0x000001d8       0x18 Core\Src\system_stm32f1xx.o
 .debug_ranges  0x000001f0       0x68 Core\Src\tim.o
 .debug_ranges  0x00000258       0x70 Core\Src\usart.o
 .debug_ranges  0x000002c8       0xc8 Drivers\STM32F1xx_HAL_Driver\Src\stm32f1xx_hal.o
 .debug_ranges  0x00000390      0x128 Drivers\STM32F1xx_HAL_Driver\Src\stm32f1xx_hal_cortex.o
 .debug_ranges  0x000004b8       0xa8 Drivers\STM32F1xx_HAL_Driver\Src\stm32f1xx_hal_dma.o
 .debug_ranges  0x00000560       0x60 Drivers\STM32F1xx_HAL_Driver\Src\stm32f1xx_hal_gpio.o
 .debug_ranges  0x000005c0       0xa0 Drivers\STM32F1xx_HAL_Driver\Src\stm32f1xx_hal_rcc.o
 .debug_ranges  0x00000660      0x348 Drivers\STM32F1xx_HAL_Driver\Src\stm32f1xx_hal_tim.o
 .debug_ranges  0x000009a8       0xe8 Drivers\STM32F1xx_HAL_Driver\Src\stm32f1xx_hal_tim_ex.o
 .debug_ranges  0x00000a90      0x190 Drivers\STM32F1xx_HAL_Driver\Src\stm32f1xx_hal_uart.o
 .debug_ranges  0x00000c20       0x20 startup\startup_stm32f103xb.o

.debug_line     0x00000000     0x5510
 .debug_line    0x00000000      0x2a8 Core\Src\ARM_RECEIVER.o
 .debug_line    0x000002a8      0x1f8 Core\Src\dma.o
 .debug_line    0x000004a0      0x24b Core\Src\gpio.o
 .debug_line    0x000006eb      0x33f Core\Src\main.o
 .debug_line    0x00000a2a      0x241 Core\Src\serwo.o
 .debug_line    0x00000c6b      0x1e5 Core\Src\stm32f1xx_hal_msp.o
 .debug_line    0x00000e50      0x308 Core\Src\stm32f1xx_it.o
 .debug_line    0x00001158      0x221 Core\Src\system_stm32f1xx.o
 .debug_line    0x00001379      0x34c Core\Src\tim.o
 .debug_line    0x000016c5      0x30d Core\Src\usart.o
 .debug_line    0x000019d2      0x3df Drivers\STM32F1xx_HAL_Driver\Src\stm32f1xx_hal.o
 .debug_line    0x00001db1      0x3da Drivers\STM32F1xx_HAL_Driver\Src\stm32f1xx_hal_cortex.o
 .debug_line    0x0000218b      0x5ef Drivers\STM32F1xx_HAL_Driver\Src\stm32f1xx_hal_dma.o
 .debug_line    0x0000277a      0x39f Drivers\STM32F1xx_HAL_Driver\Src\stm32f1xx_hal_gpio.o
 .debug_line    0x00002b19      0x576 Drivers\STM32F1xx_HAL_Driver\Src\stm32f1xx_hal_rcc.o
 .debug_line    0x0000308f     0x116d Drivers\STM32F1xx_HAL_Driver\Src\stm32f1xx_hal_tim.o
 .debug_line    0x000041fc      0x6c9 Drivers\STM32F1xx_HAL_Driver\Src\stm32f1xx_hal_tim_ex.o
 .debug_line    0x000048c5      0xbce Drivers\STM32F1xx_HAL_Driver\Src\stm32f1xx_hal_uart.o
 .debug_line    0x00005493       0x7d startup\startup_stm32f103xb.o

.debug_str      0x00000000     0x345c
 .debug_str     0x00000000      0x5b7 Core\Src\ARM_RECEIVER.o
                                0x64b (size before relaxing)
 .debug_str     0x000005b7      0x361 Core\Src\dma.o
                                0x5b1 (size before relaxing)
 .debug_str     0x00000918       0xa6 Core\Src\gpio.o
                                0x652 (size before relaxing)
 .debug_str     0x000009be      0x41e Core\Src\main.o
                                0xa7c (size before relaxing)
 .debug_str     0x00000ddc       0x19 Core\Src\serwo.o
                                0x64b (size before relaxing)
 .debug_str     0x00000df5       0x5a Core\Src\stm32f1xx_hal_msp.o
                                0x2f0 (size before relaxing)
 .debug_str     0x00000e4f      0x1c3 Core\Src\stm32f1xx_it.o
                                0x7ca (size before relaxing)
 .debug_str     0x00001012       0xa6 Core\Src\system_stm32f1xx.o
                                0x345 (size before relaxing)
 .debug_str     0x000010b8      0x2b8 Core\Src\tim.o
                                0xa09 (size before relaxing)
 .debug_str     0x00001370       0x75 Core\Src\usart.o
                                0xa65 (size before relaxing)
 .debug_str     0x000013e5      0x287 Drivers\STM32F1xx_HAL_Driver\Src\stm32f1xx_hal.o
                                0x85e (size before relaxing)
 .debug_str     0x0000166c      0x32b Drivers\STM32F1xx_HAL_Driver\Src\stm32f1xx_hal_cortex.o
                                0x980 (size before relaxing)
 .debug_str     0x00001997      0x210 Drivers\STM32F1xx_HAL_Driver\Src\stm32f1xx_hal_dma.o
                                0x6ce (size before relaxing)
 .debug_str     0x00001ba7       0xe9 Drivers\STM32F1xx_HAL_Driver\Src\stm32f1xx_hal_gpio.o
                                0x4d1 (size before relaxing)
 .debug_str     0x00001c90      0x1f4 Drivers\STM32F1xx_HAL_Driver\Src\stm32f1xx_hal_rcc.o
                                0x6ba (size before relaxing)
 .debug_str     0x00001e84      0xcea Drivers\STM32F1xx_HAL_Driver\Src\stm32f1xx_hal_tim.o
                               0x1502 (size before relaxing)
 .debug_str     0x00002b6e      0x426 Drivers\STM32F1xx_HAL_Driver\Src\stm32f1xx_hal_tim_ex.o
                                0xd1a (size before relaxing)
 .debug_str     0x00002f94      0x4c8 Drivers\STM32F1xx_HAL_Driver\Src\stm32f1xx_hal_uart.o
                                0xc4a (size before relaxing)

.comment        0x00000000       0x7c
 .comment       0x00000000       0x7c Core\Src\ARM_RECEIVER.o
                                 0x7d (size before relaxing)
 .comment       0x0000007c       0x7d Core\Src\dma.o
 .comment       0x0000007c       0x7d Core\Src\gpio.o
 .comment       0x0000007c       0x7d Core\Src\main.o
 .comment       0x0000007c       0x7d Core\Src\serwo.o
 .comment       0x0000007c       0x7d Core\Src\stm32f1xx_hal_msp.o
 .comment       0x0000007c       0x7d Core\Src\stm32f1xx_it.o
 .comment       0x0000007c       0x7d Core\Src\system_stm32f1xx.o
 .comment       0x0000007c       0x7d Core\Src\tim.o
 .comment       0x0000007c       0x7d Core\Src\usart.o
 .comment       0x0000007c       0x7d Drivers\STM32F1xx_HAL_Driver\Src\stm32f1xx_hal.o
 .comment       0x0000007c       0x7d Drivers\STM32F1xx_HAL_Driver\Src\stm32f1xx_hal_cortex.o
 .comment       0x0000007c       0x7d Drivers\STM32F1xx_HAL_Driver\Src\stm32f1xx_hal_dma.o
 .comment       0x0000007c       0x7d Drivers\STM32F1xx_HAL_Driver\Src\stm32f1xx_hal_gpio.o
 .comment       0x0000007c       0x7d Drivers\STM32F1xx_HAL_Driver\Src\stm32f1xx_hal_rcc.o
 .comment       0x0000007c       0x7d Drivers\STM32F1xx_HAL_Driver\Src\stm32f1xx_hal_tim.o
 .comment       0x0000007c       0x7d Drivers\STM32F1xx_HAL_Driver\Src\stm32f1xx_hal_tim_ex.o
 .comment       0x0000007c       0x7d Drivers\STM32F1xx_HAL_Driver\Src\stm32f1xx_hal_uart.o

.debug_frame    0x00000000     0x1b80
 .debug_frame   0x00000000       0x2c Core\Src\ARM_RECEIVER.o
 .debug_frame   0x0000002c       0x28 Core\Src\dma.o
 .debug_frame   0x00000054       0x34 Core\Src\gpio.o
 .debug_frame   0x00000088       0x84 Core\Src\main.o
 .debug_frame   0x0000010c       0x20 Core\Src\serwo.o
 .debug_frame   0x0000012c       0x28 Core\Src\stm32f1xx_hal_msp.o
 .debug_frame   0x00000154      0x10c Core\Src\stm32f1xx_it.o
 .debug_frame   0x00000260       0x30 Core\Src\system_stm32f1xx.o
 .debug_frame   0x00000290       0x90 Core\Src\tim.o
 .debug_frame   0x00000320       0x98 Core\Src\usart.o
 .debug_frame   0x000003b8      0x1d4 Drivers\STM32F1xx_HAL_Driver\Src\stm32f1xx_hal.o
 .debug_frame   0x0000058c      0x120 Drivers\STM32F1xx_HAL_Driver\Src\stm32f1xx_hal_cortex.o
 .debug_frame   0x000006ac      0x144 Drivers\STM32F1xx_HAL_Driver\Src\stm32f1xx_hal_dma.o
 .debug_frame   0x000007f0       0xd4 Drivers\STM32F1xx_HAL_Driver\Src\stm32f1xx_hal_gpio.o
 .debug_frame   0x000008c4      0x150 Drivers\STM32F1xx_HAL_Driver\Src\stm32f1xx_hal_rcc.o
 .debug_frame   0x00000a14      0x928 Drivers\STM32F1xx_HAL_Driver\Src\stm32f1xx_hal_tim.o
 .debug_frame   0x0000133c      0x360 Drivers\STM32F1xx_HAL_Driver\Src\stm32f1xx_hal_tim_ex.o
 .debug_frame   0x0000169c      0x498 Drivers\STM32F1xx_HAL_Driver\Src\stm32f1xx_hal_uart.o
 .debug_frame   0x00001b34       0x2c d:/program files/atollic/truestudio for stm32 9.3.0/armtools/bin/../lib/gcc/arm-atollic-eabi/6.3.1/../../../../arm-atollic-eabi/lib/armv7-m\libc_nano.a(lib_a-init.o)
 .debug_frame   0x00001b60       0x20 d:/program files/atollic/truestudio for stm32 9.3.0/armtools/bin/../lib/gcc/arm-atollic-eabi/6.3.1/../../../../arm-atollic-eabi/lib/armv7-m\libc_nano.a(lib_a-memset.o)
