stm32f1xx_it.c:74:6:NMI_Handler	0	static
stm32f1xx_it.c:87:6:HardFault_Handler	0	static
stm32f1xx_it.c:102:6:MemManage_Handler	0	static
stm32f1xx_it.c:117:6:BusFault_Handler	0	static
stm32f1xx_it.c:132:6:UsageFault_Handler	0	static
stm32f1xx_it.c:147:6:SVC_Handler	0	static
stm32f1xx_it.c:160:6:DebugMon_Handler	0	static
stm32f1xx_it.c:173:6:PendSV_Handler	0	static
stm32f1xx_it.c:186:6:SysTick_Handler	8	static
stm32f1xx_it.c:207:6:DMA1_Channel2_IRQHandler	0	static
stm32f1xx_it.c:221:6:DMA1_Channel3_IRQHandler	0	static
stm32f1xx_it.c:235:6:DMA1_Channel4_IRQHandler	0	static
stm32f1xx_it.c:249:6:DMA1_Channel6_IRQHandler	0	static
stm32f1xx_it.c:263:6:USART3_IRQHandler	0	static
stm32f1xx_it.c:277:6:EXTI15_10_IRQHandler	0	static
